// Jest Snapshot v1, https://goo.gl/fbAQLP

exports[`MainPage renders correctly 1`] = `
<DocumentFragment>
  <div>
    Webpack template
  </div>
</DocumentFragment>
`;
